// Jest Snapshot v1, https://goo.gl/fbAQLP

exports[`Content rendered renders correctly 1`] = `
<main
  className="app"
>
  <svg
    style={
      Object {
        "left": "-1200em",
        "position": "absolute",
      }
    }
    xmlns="http://www.w3.org/2000/svg"
  >
    <filter
      id="blur"
    >
      <feGaussianBlur
        in="SourceGraphic"
        stdDeviation="5"
      />
      <feOffset
        dx="0"
        dy="0"
      />
      <feMerge>
        <feMergeNode />
        <feMergeNode
          in="SourceGraphic"
        />
      </feMerge>
    </filter>
  </svg>
  <section
    className="welcome"
  >
    <div
      className="welcome__logo"
    >
      <img
        alt="Угадай мелодию"
        height="83"
        src="img/melody-logo.png"
        width="186"
      />
    </div>
    <button
      className="welcome__button"
      onClick={[Function]}
    >
      <span
        className="visually-hidden"
      >
        Начать игру
      </span>
    </button>
    <h2
      className="welcome__rules-title"
    >
      Правила игры
    </h2>
    <p
      className="welcome__text"
    >
      Правила просты:
    </p>
    <ul
      className="welcome__rules-list"
    >
      <li>
        За 10 минут нужно ответить на все вопросы.
      </li>
      <li>
        Можно допустить 
        3
         ошибки.
      </li>
    </ul>
    <p
      className="welcome__text"
    >
      Удачи!
    </p>
  </section>
</main>
`;
